...
----------------------------------------------------------------------
Ran 3 tests in 2.198s

OK
Warp 1.17.0 initialized:
   CUDA Toolkit 12.9, Driver 13.2
   Devices:
     "cpu"      : "x86_64"
     "cuda:0"   : "NVIDIA RTX PRO 6000 Blackwell Server Edition MIG 1g.24gb" (24 GiB, sm_120, mempool enabled)
   Kernel cache:
     <home>/.cache/warp/1.17.0
Module validate_and_correct_inertia_kernel_1ff2ac62 6ad45b8 load on device 'cpu' took 1.36 ms  (cached)
Module newton._src.geometry.bvh 4a1c07f load on device 'cpu' took 0.19 ms  (cached)
Module newton._src.solvers.mujoco.kernels 4a4421a load on device 'cpu' took 0.38 ms  (cached)
Module newton._src.sim.collide 65832b3 load on device 'cpu' took 0.18 ms  (cached)
Module narrow_phase_primitive_write_contact_False_False_False b8baf6c load on device 'cpu' took 0.16 ms  (cached)
Module newton._src.geometry.narrow_phase 81632d4 load on device 'cpu' took 0.15 ms  (cached)
Module newton._src.sim.articulation 2e73608 load on device 'cpu' took 0.17 ms  (cached)
Module newton._src.sim.contacts 15c07a4 load on device 'cpu' took 1153.40 ms  (compiled)
Module newton._src.solvers.solver 5e8bff5 load on device 'cpu' took 0.20 ms  (cached)
Module newton._src.geometry.broad_phase_nxn fb0ade4 load on device 'cpu' took 0.17 ms  (cached)
Module newton._src.geometry.differentiable_contacts bbe90ee load on device 'cpu' took 0.15 ms  (cached)
Module newton._src.solvers.xpbd.kernels 279a51d load on device 'cpu' took 0.23 ms  (cached)
