.....
----------------------------------------------------------------------
Ran 5 tests in 10.215s

OK
Warp 1.17.0 initialized:
   CUDA Toolkit 12.9, Driver 13.2
   Devices:
     "cpu"      : "x86_64"
     "cuda:0"   : "NVIDIA RTX PRO 6000 Blackwell Server Edition MIG 1g.24gb" (24 GiB, sm_120, mempool enabled)
   Kernel cache:
     <home>/.cache/warp/1.17.0
Module validate_and_correct_inertia_kernel_1ff2ac62 6ad45b8 load on device 'cpu' took 1.41 ms  (cached)
Module newton._src.geometry.bvh 4a1c07f load on device 'cpu' took 0.17 ms  (cached)
Module newton._src.solvers.mujoco.kernels 4a4421a load on device 'cpu' took 0.38 ms  (cached)
Module newton._src.sim.articulation 2e73608 load on device 'cpu' took 0.21 ms  (cached)
Module validate_and_correct_inertia_kernel_1ff2ac62 1ff2ac6 load on device 'cuda:0' took 0.58 ms  (cached)
Module newton._src.geometry.bvh 58a3a49 load on device 'cuda:0' took 0.73 ms  (cached)
Module newton._src.solvers.mujoco.kernels 7b1214a load on device 'cuda:0' took 8656.66 ms  (compiled)
Module mujoco_warp._src.io c728e4c load on device 'cuda:0' took 2.32 ms  (cached)
Module mujoco_warp._src.smooth d04e5a7 load on device 'cuda:0' took 2.61 ms  (cached)
Module _small_cholesky_factorize_block__locals__kernel_2be2811a 464a50b load on device 'cuda:0' took 294.36 ms  (compiled)
Module _small_cholesky_solve_block__locals__kernel_402d9c6f de3a441 load on device 'cuda:0' took 100.93 ms  (compiled)
