.........
----------------------------------------------------------------------
Ran 9 tests in 21.866s

OK
Warp 1.17.0 initialized:
   CUDA Toolkit 12.9, Driver 13.2
   Devices:
     "cpu"      : "x86_64"
     "cuda:0"   : "NVIDIA RTX PRO 6000 Blackwell Server Edition MIG 1g.24gb" (24 GiB, sm_120, mempool enabled)
   Kernel cache:
     <home>/.cache/warp/1.17.0
Module newton._src.geometry.inertia f6b4bd8 load on device 'cpu' took 1.39 ms  (cached)
Module validate_and_correct_inertia_kernel_1ff2ac62 6ad45b8 load on device 'cpu' took 0.25 ms  (cached)
Module newton._src.geometry.bvh 4a1c07f load on device 'cpu' took 0.21 ms  (cached)
Module newton._src.solvers.mujoco.kernels 4a4421a load on device 'cpu' took 5785.26 ms  (compiled)
Module newton._src.sim.articulation 2e73608 load on device 'cpu' took 0.31 ms  (cached)
Module newton._src.sim.collide 65832b3 load on device 'cpu' took 0.21 ms  (cached)
Module newton._src.geometry.broad_phase_nxn fb0ade4 load on device 'cpu' took 0.16 ms  (cached)
Module narrow_phase_primitive_write_contact_False_False_False b8baf6c load on device 'cpu' took 0.16 ms  (cached)
Module newton._src.geometry.narrow_phase 81632d4 load on device 'cpu' took 0.16 ms  (cached)
Module newton._src.geometry.contact_reduction_global cb59557 load on device 'cpu' took 0.15 ms  (cached)
Module newton._src.geometry.sdf_contact df766d2 load on device 'cpu' took 0.13 ms  (cached)
Module narrow_phase_mesh_plane_write_contact_to_reducer_True ee1e23c load on device 'cpu' took 0.13 ms  (cached)
Module mesh_triangle_contacts_to_reducer_kernel_d568a18a b9680a7 load on device 'cpu' took 0.17 ms  (cached)
Module export_reduced_contacts_write_contact 2049828 load on device 'cpu' took 0.14 ms  (cached)
