solvers ['CLARABEL', 'SCS', 'SCIPY', 'HIGHS', 'OSQP'] shape (3150, 98) episodes [2 3 4] stds [[ 3.82451812 21.06196663  7.06566352  6.12905776  0.62769948  1.29137865
   0.5       ]
 [ 4.03398997 21.92678824  5.8620191   8.49403871  0.74806538  1.24542518
   0.5       ]
 [ 3.6433227  22.23337239  7.06861723  7.1752609   0.72898777  1.22858685
   0.5       ]]
singular values [5.27048930e+02 3.84934893e+02 3.66857829e+02 2.38777424e+02
 2.10203534e+02 2.06272481e+02 1.97846434e+02 1.92925720e+02
 1.82596082e+02 1.70743294e+02 1.58801567e+02 1.54107887e+02
 1.48382467e+02 1.35644453e+02 1.29554755e+02 1.20193290e+02
 1.11407775e+02 1.06418018e+02 9.84253150e+01 9.79129800e+01
 9.34390090e+01 8.98180470e+01 8.57030680e+01 7.76315430e+01
 6.86597970e+01 6.34426000e+01 5.97017350e+01 5.72606280e+01
 5.62522420e+01 5.23640380e+01 5.10242950e+01 4.88926540e+01
 4.84271550e+01 4.72353950e+01 4.53992160e+01 4.19868020e+01
 4.07715070e+01 3.91460200e+01 3.48841620e+01 3.23154630e+01
 2.94335080e+01 2.61840330e+01 2.58828200e+01 2.56214180e+01
 2.46589520e+01 2.38855800e+01 2.35137280e+01 2.30828400e+01
 2.21520920e+01 2.18512060e+01 2.18028530e+01 2.12904030e+01
 2.11900640e+01 2.06766350e+01 2.03132890e+01 1.87322220e+01
 1.86595210e+01 1.77684080e+01 1.37475410e+01 1.15693060e+01
 7.91880200e+00 7.80584700e+00 7.02081100e+00 6.06822800e+00
 5.28593700e+00 4.71463100e+00 4.57259300e+00 4.21327000e+00
 1.90384800e+00 6.12000000e-04 3.50000000e-04 1.91000000e-04
 1.64000000e-04 1.28000000e-04 9.90000000e-05 5.30000000e-05
 4.60000000e-05 4.30000000e-05 2.40000000e-05 2.10000000e-05
 1.50000000e-05 9.00000000e-06 8.00000000e-06 6.00000000e-06
 5.00000000e-06 5.00000000e-06 4.00000000e-06 3.00000000e-06
 2.00000000e-06 0.00000000e+00 0.00000000e+00 0.00000000e+00
 0.00000000e+00 0.00000000e+00 0.00000000e+00 0.00000000e+00
 0.00000000e+00 0.00000000e+00]
fit_1e-05 optimal 0.002272734340255048 secs 0.06492924690246582 rmse {'2': [0.142855, 0.173412, 0.187795, 0.118871, 0.13695, 0.108145, 0.080331], '3': [0.176144, 0.141142, 0.17408, 0.11077, 0.133296, 0.102722, 0.06085], '4': [0.183707, 0.151919, 0.203537, 0.143339, 0.141665, 0.119673, 0.074844]} joint [0.1571, 0.2321, 0.0787, 0.1159, 0.1304, 0.2733, 0.0645, 0.1741, 0.2266, 0.2092, 0.2245, 0.2865, 0.1728, 0.2002, -0.0979, 0.279, -0.0652, 0.6617, -0.0342, -0.016, 0.0058, 0.0, 0.0, 0.002, 0.0, 0.0, 0.0, 0.0] m [1.0, 2.0985, 1.8274, 2.3762, 1.8473, 2.0731, 1.7624]
fit_0.0001 optimal 0.002992976701152132 secs 0.0549924373626709 rmse {'2': [0.142343, 0.174301, 0.187441, 0.119177, 0.13682, 0.108298, 0.080366], '3': [0.176431, 0.142766, 0.174261, 0.110591, 0.133351, 0.102904, 0.060821], '4': [0.184783, 0.152575, 0.203691, 0.143303, 0.141631, 0.119638, 0.074855]} joint [0.1567, 0.2333, 0.0795, 0.1151, 0.1304, 0.273, 0.0645, 0.174, 0.226, 0.2089, 0.2246, 0.2865, 0.1729, 0.2002, -0.0979, 0.2943, -0.0657, 0.6608, -0.0341, -0.0156, 0.0058, 0.0, 0.0, 0.0031, 0.0, 0.0, 0.0, 0.0] m [1.0, 1.6227, 2.0798, 2.2813, 1.9079, 1.9111, 1.8445]
fit_0.001 optimal 0.009042827948505463 secs 0.07430458068847656 rmse {'2': [0.140832, 0.181422, 0.187355, 0.120099, 0.136501, 0.108644, 0.080497], '3': [0.177032, 0.154971, 0.17491, 0.110491, 0.133389, 0.103415, 0.060729], '4': [0.186626, 0.158942, 0.203768, 0.143504, 0.141619, 0.120095, 0.074892]} joint [0.156, 0.2369, 0.0821, 0.1148, 0.1304, 0.2698, 0.0646, 0.1737, 0.2236, 0.2076, 0.2243, 0.2862, 0.1736, 0.2001, -0.0979, 0.3219, -0.0656, 0.6504, -0.0333, -0.0143, 0.006, 0.0, 0.0, 0.0071, 0.0, 0.0, 0.0, 0.0] m [1.0, 1.3329, 2.0474, 2.1763, 1.8915, 1.8727, 1.8699]
fit_0.0 optimal 0.0021598358621334112 secs 0.05375194549560547 rmse {'2': [0.143077, 0.173265, 0.187995, 0.119019, 0.136998, 0.107973, 0.080338], '3': [0.176023, 0.140971, 0.173891, 0.110715, 0.13316, 0.102631, 0.060864], '4': [0.18333, 0.151664, 0.203466, 0.143231, 0.141638, 0.119738, 0.074857]} joint [0.1572, 0.2317, 0.0787, 0.1161, 0.1303, 0.2734, 0.0645, 0.1742, 0.2268, 0.2091, 0.2245, 0.2866, 0.1726, 0.2002, -0.0979, 0.2778, -0.065, 0.6617, -0.0342, -0.0163, 0.0057, 0.0, 0.0, 0.0016, 0.0, 0.0, 0.0, 0.0] m [7.4785, 9.9997, 6.4938, 2.6593, 0.9849, 3.3989, 1.2952]
