leave out 2 {'status': 'optimal', 'scores': {'pooled': [0.17419991639370142, 0.15702122425680398, 0.1931713161028472, 0.12646205776368014, 0.17011913657583172, 0.12011306644928182, 0.10299129740738708], '2': {'rmse': [0.14622309336930148, 0.17663561619244658, 0.1937929421025609, 0.12246594964212047, 0.17574981864752165, 0.11679177543371395, 0.10898698962615228], 'normalized': [0.03823307634225239, 0.00838647308322903, 0.0274274229792915, 0.01998120338241347, 0.27999038271139604, 0.09043960564104096, 0.21797397925230455]}, '3': {'rmse': [0.18265134977819603, 0.14081752546536888, 0.1770296044621628, 0.11067337523818312, 0.1662029225057088, 0.11134339678367311, 0.09434362193954124], 'normalized': [0.0452780872185784, 0.006422168351629703, 0.03019942471441386, 0.013029535069209147, 0.22217699982180733, 0.08940191548005262, 0.18868724387908248]}, '4': {'rmse': [0.19051016771929355, 0.1514505801092933, 0.207485630417921, 0.14398420522097227, 0.16825620845556952, 0.1313155565013651, 0.10508443803212927], 'normalized': [0.05229022614851491, 0.0068118582034237705, 0.02935307200443588, 0.02006675538524681, 0.23080799886135797, 0.1068834137956329, 0.21016887606425855]}}}
leave out 3 {'status': 'optimal', 'scores': {'pooled': [0.17387172430290593, 0.1616693704699267, 0.1942587760763319, 0.129849445787365, 0.1681875074842852, 0.11841430682286325, 0.10277746869317357], '2': {'rmse': [0.14503532372986755, 0.179347484972916, 0.19028496603790468, 0.12125087289931674, 0.16839911675894814, 0.11497343915338586, 0.1049792605104035], 'normalized': [0.03792250920641159, 0.008515229757691993, 0.026930940794322983, 0.01978295484398992, 0.26827983956081225, 0.08903154744940052, 0.209958521020807]}, '3': {'rmse': [0.18377222161461837, 0.14912234493166507, 0.1895160761990748, 0.12425915026211777, 0.16711848929931844, 0.10938350967325393, 0.09875172215805725], 'normalized': [0.04555594409087641, 0.00680092055996589, 0.032329488012658, 0.01462898328099252, 0.22340091261632317, 0.08782824639093216, 0.1975034443161145]}, '4': {'rmse': [0.18943773375332923, 0.15494502870501645, 0.2026936230128697, 0.14297036445063607, 0.1690392292648344, 0.1299315215096838, 0.10448481442982775], 'normalized': [0.051995870129196035, 0.006969029528327522, 0.028675144872215008, 0.01992545867352274, 0.23188211949983026, 0.10575688782517814, 0.2089696288596555]}}}
leave out 4 {'status': 'optimal', 'scores': {'pooled': [0.17413425042996564, 0.16151271692922398, 0.1941966866857529, 0.12869734779560815, 0.1685934708227098, 0.11852320237835037, 0.10238951124550626], '2': {'rmse': [0.14475306148185954, 0.17668611856019917, 0.19252787867686363, 0.11934203116506008, 0.16750606149088237, 0.11521472003673396, 0.10601029499779752], 'normalized': [0.037848705856831436, 0.008388870882477709, 0.02724837915398094, 0.019471513541093242, 0.2668570962077187, 0.08921838721493786, 0.21202058999559503]}, '3': {'rmse': [0.18191456130561698, 0.14133971346494792, 0.17561433451487976, 0.1096251918189278, 0.16634327328415222, 0.1082494405821286, 0.0957269357362706], 'normalized': [0.045095442125817856, 0.006445983421759749, 0.029957994257889954, 0.012906132827335179, 0.2223646181525027, 0.08691765849832178, 0.1914538714725412]}, '4': {'rmse': [0.1921506052424293, 0.164511926909135, 0.21267270817915573, 0.15306475396031682, 0.17188051084712988, 0.13096135081225838, 0.10511425768326964], 'normalized': [0.052740484788744914, 0.007399324043977556, 0.03008688989202382, 0.021332291073946758, 0.23577969048535755, 0.10659511045788506, 0.21022851536653928]}}}
{
  "regularization": 1e-05,
  "status": "optimal",
  "scores": {
    "pooled": [
      0.17366138260033465,
      0.1585939471917275,
      0.19287189894251078,
      0.1267650301252178,
      0.16835876370157224,
      0.11911906862061485,
      0.1022960389076387
    ],
    "2": {
      "rmse": [
        0.14495141669936776,
        0.17646701194186326,
        0.19151883311889126,
        0.11964992177469885,
        0.16988180235988076,
        0.11575191047094634,
        0.10611909916204752
      ],
      "normalized": [
        0.037900569963923755,
        0.008378467930928972,
        0.027105569415795342,
        0.019521748115754245,
        0.27064193422492333,
        0.08963436934076727,
        0.21223819832409505
      ]
    },
    "3": {
      "rmse": [
        0.18247152765463268,
        0.1419718226164212,
        0.17937531354869685,
        0.11258416534955269,
        0.16603845916050058,
        0.10973160628852635,
        0.09586548256609904
      ],
      "normalized": [
        0.04523351047822352,
        0.006474811590511838,
        0.03059957849194683,
        0.013254491674286087,
        0.22195714825681595,
        0.08810774661345493,
        0.1917309651321981
      ]
    },
    "4": {
      "rmse": [
        0.19017900991489653,
        0.15543331540194055,
        0.20674559645892143,
        0.14565994823490477,
        0.16913137867329855,
        0.1308759998272951,
        0.1046039424399668
      ],
      "normalized": [
        0.05219933170077982,
        0.006990991410148409,
        0.02924837911538863,
        0.020300299926451954,
        0.23200852684467121,
        0.10652563959786854,
        0.2092078848799336
      ]
    }
  },
  "cross_validation": {
    "2": {
      "status": "optimal",
      "scores": {
        "pooled": [
          0.17419991639370142,
          0.15702122425680398,
          0.1931713161028472,
          0.12646205776368014,
          0.17011913657583172,
          0.12011306644928182,
          0.10299129740738708
        ],
        "2": {
          "rmse": [
            0.14622309336930148,
            0.17663561619244658,
            0.1937929421025609,
            0.12246594964212047,
            0.17574981864752165,
            0.11679177543371395,
            0.10898698962615228
          ],
          "normalized": [
            0.03823307634225239,
            0.00838647308322903,
            0.0274274229792915,
            0.01998120338241347,
            0.27999038271139604,
            0.09043960564104096,
            0.21797397925230455
          ]
        },
        "3": {
          "rmse": [
            0.18265134977819603,
            0.14081752546536888,
            0.1770296044621628,
            0.11067337523818312,
            0.1662029225057088,
            0.11134339678367311,
            0.09434362193954124
          ],
          "normalized": [
            0.0452780872185784,
            0.006422168351629703,
            0.03019942471441386,
            0.013029535069209147,
            0.22217699982180733,
            0.08940191548005262,
            0.18868724387908248
          ]
        },
        "4": {
          "rmse": [
            0.19051016771929355,
            0.1514505801092933,
            0.207485630417921,
            0.14398420522097227,
            0.16825620845556952,
            0.1313155565013651,
            0.10508443803212927
          ],
          "normalized": [
            0.05229022614851491,
            0.0068118582034237705,
            0.02935307200443588,
            0.02006675538524681,
            0.23080799886135797,
            0.1068834137956329,
            0.21016887606425855
          ]
        }
      }
    },
    "3": {
      "status": "optimal",
      "scores": {
        "pooled": [
          0.17387172430290593,
          0.1616693704699267,
          0.1942587760763319,
          0.129849445787365,
          0.1681875074842852,
          0.11841430682286325,
          0.10277746869317357
        ],
        "2": {
          "rmse": [
            0.14503532372986755,
            0.179347484972916,
            0.19028496603790468,
            0.12125087289931674,
            0.16839911675894814,
            0.11497343915338586,
            0.1049792605104035
          ],
          "normalized": [
            0.03792250920641159,
            0.008515229757691993,
            0.026930940794322983,
            0.01978295484398992,
            0.26827983956081225,
            0.08903154744940052,
            0.209958521020807
          ]
        },
        "3": {
          "rmse": [
            0.18377222161461837,
            0.14912234493166507,
            0.1895160761990748,
            0.12425915026211777,
            0.16711848929931844,
            0.10938350967325393,
            0.09875172215805725
          ],
          "normalized": [
            0.04555594409087641,
            0.00680092055996589,
            0.032329488012658,
            0.01462898328099252,
            0.22340091261632317,
            0.08782824639093216,
            0.1975034443161145
          ]
        },
        "4": {
          "rmse": [
            0.18943773375332923,
            0.15494502870501645,
            0.2026936230128697,
            0.14297036445063607,
            0.1690392292648344,
            0.1299315215096838,
            0.10448481442982775
          ],
          "normalized": [
            0.051995870129196035,
            0.006969029528327522,
            0.028675144872215008,
            0.01992545867352274,
            0.23188211949983026,
            0.10575688782517814,
            0.2089696288596555
          ]
        }
      }
    },
    "4": {
      "status": "optimal",
      "scores": {
        "pooled": [
          0.17413425042996564,
          0.16151271692922398,
          0.1941966866857529,
          0.12869734779560815,
          0.1685934708227098,
          0.11852320237835037,
          0.10238951124550626
        ],
        "2": {
          "rmse": [
            0.14475306148185954,
            0.17668611856019917,
            0.19252787867686363,
            0.11934203116506008,
            0.16750606149088237,
            0.11521472003673396,
            0.10601029499779752
          ],
          "normalized": [
            0.037848705856831436,
            0.008388870882477709,
            0.02724837915398094,
            0.019471513541093242,
            0.2668570962077187,
            0.08921838721493786,
            0.21202058999559503
          ]
        },
        "3": {
          "rmse": [
            0.18191456130561698,
            0.14133971346494792,
            0.17561433451487976,
            0.1096251918189278,
            0.16634327328415222,
            0.1082494405821286,
            0.0957269357362706
          ],
          "normalized": [
            0.045095442125817856,
            0.006445983421759749,
            0.029957994257889954,
            0.012906132827335179,
            0.2223646181525027,
            0.08691765849832178,
            0.1914538714725412
          ]
        },
        "4": {
          "rmse": [
            0.1921506052424293,
            0.164511926909135,
            0.21267270817915573,
            0.15306475396031682,
            0.17188051084712988,
            0.13096135081225838,
            0.10511425768326964
          ],
          "normalized": [
            0.052740484788744914,
            0.007399324043977556,
            0.03008688989202382,
            0.021332291073946758,
            0.23577969048535755,
            0.10659511045788506,
            0.21022851536653928
          ]
        }
      }
    }
  }
}
