leave out 2 {'status': 'optimal', 'scores': {'pooled': [0.16897433756129743, 0.15462989930311527, 0.18911546281861047, 0.12516803116897898, 0.13851632368183253, 0.11166919347346506, 0.07338649794217221], '2': {'rmse': [0.14407522746413953, 0.17383557757277512, 0.19037519605201733, 0.12212749503709605, 0.14266831772672095, 0.10924215282851994, 0.08289933793348707], 'normalized': [0.037671472020850326, 0.008253530197631755, 0.0269437110053309, 0.019925982071359497, 0.22728761365728412, 0.0845934329236825, 0.16579867586697414]}, '3': {'rmse': [0.17630958701163743, 0.14026876123068754, 0.17166208267582456, 0.10897305080888077, 0.1323062210017516, 0.10452952416725014, 0.060153288308374096], 'normalized': [0.0437060052820777, 0.006397141237363705, 0.029283780855964506, 0.012829356510156901, 0.17686451475557224, 0.0839307938748007, 0.12030657661674819]}, '4': {'rmse': [0.18388648297735238, 0.14777375906507448, 0.20392005524431886, 0.1421648945187404, 0.1403607166562411, 0.12062237328042023, 0.07527294279173946], 'normalized': [0.05047219209165079, 0.006646484234076747, 0.028848648712099138, 0.019813202137684546, 0.19254193606013545, 0.09817976925078503, 0.15054588558347892]}}}
leave out 3 {'status': 'optimal', 'scores': {'pooled': [0.1685567585070462, 0.1587719955084226, 0.19002594500723932, 0.1280568138737489, 0.13721971251000165, 0.11069067950311239, 0.07276694366101007], '2': {'rmse': [0.1426125809455342, 0.17584918694321616, 0.186541617793986, 0.12034223236661534, 0.13617132154621628, 0.10840198734377765, 0.0794459424703621], 'normalized': [0.037289032594088015, 0.00834913425047998, 0.026401146496703984, 0.019634703584448254, 0.21693712532646936, 0.08394283715329426, 0.1588918849407242]}, '3': {'rmse': [0.1773486099926299, 0.14797431844586365, 0.18394621188812052, 0.12238688266902047, 0.13422933783918267, 0.10381198970296412, 0.06333201771354047], 'normalized': [0.043963572352962284, 0.006748563303015228, 0.031379326606382506, 0.014408561917582356, 0.1794353018560973, 0.0833546577285795, 0.12666403542708093]}, '4': {'rmse': [0.18287499775787708, 0.15101756257161503, 0.1992375348434531, 0.14048074885217146, 0.1411651676427086, 0.11928687907902273, 0.07458204895698121], 'normalized': [0.05019456496284486, 0.0067923821864674045, 0.02818621074850616, 0.01957848653764844, 0.1936454538683216, 0.0970927527300261, 0.14916409791396243]}}}
leave out 4 {'status': 'optimal', 'scores': {'pooled': [0.1690797382528828, 0.15866325022935251, 0.18996328315457373, 0.126686841666079, 0.1379401744015267, 0.11004448023265564, 0.07246277913348796], '2': {'rmse': [0.1423907967024081, 0.17338802267515763, 0.1885366487538823, 0.11918244449155935, 0.13616488280333755, 0.10753406431756773, 0.07989908910421639], 'normalized': [0.037231042479780055, 0.008232280762308093, 0.02668350228015093, 0.019445475823755002, 0.21692686764258287, 0.08327074688045005, 0.15979817820843278]}, '3': {'rmse': [0.1757658127507203, 0.13960497172577804, 0.16995584270255457, 0.10689603917025399, 0.13367313673714917, 0.10147668274467968, 0.0604659409805898], 'normalized': [0.043571207162912844, 0.006366868244449751, 0.02899271391394632, 0.012584830706851442, 0.17869178248661605, 0.08147954953774389, 0.1209318819611796]}, '4': {'rmse': [0.18599761758023237, 0.16114939150449856, 0.20934920694503248, 0.15005815302310774, 0.1437814047357153, 0.12028412513506039, 0.07558153624328033], 'normalized': [0.0510516451840296, 0.007248085835686467, 0.029616712893088742, 0.02091326785222993, 0.1972343166718192, 0.09790445444841639, 0.15116307248656066]}}}
{
  "regularization": 1e-05,
  "status": "optimal",
  "scores": {
    "pooled": [
      0.16857214104728824,
      0.15581419092761095,
      0.18874058345882383,
      0.12508795075790416,
      0.13719526397335072,
      0.11087946212418359,
      0.07249647467935069
    ],
    "2": {
      "rmse": [
        0.1427871202896397,
        0.17322419612988485,
        0.1879031993377073,
        0.11922440572503683,
        0.1375340646119785,
        0.10847025083884189,
        0.08031758048041919
      ],
      "normalized": [
        0.03733466954454603,
        0.0082245024504259,
        0.02659385048538009,
        0.019452322101783635,
        0.21910813725385747,
        0.08399569809791439,
        0.16063516096083838
      ]
    },
    "3": {
      "rmse": [
        0.1762567342571713,
        0.1408732301233998,
        0.17385479733903902,
        0.11060341538061762,
        0.13278558355138909,
        0.10329877030580804,
        0.06090967600363868
      ],
      "normalized": [
        0.04369290342638726,
        0.006424708835782242,
        0.029657835362797515,
        0.013021298721346575,
        0.1775053177661314,
        0.08294257404429585,
        0.12181935200727737
      ]
    },
    "4": {
      "rmse": [
        0.18383444214887837,
        0.1515991332199258,
        0.2033123721124398,
        0.14315520200149892,
        0.14113819909003145,
        0.12019290369697953,
        0.07487532409081364
      ],
      "normalized": [
        0.05045790819949721,
        0.006818539740890156,
        0.028762679545511555,
        0.01995121906795962,
        0.1936084593482814,
        0.09783020537257801,
        0.14975064818162728
      ]
    }
  },
  "cross_validation": {
    "2": {
      "status": "optimal",
      "scores": {
        "pooled": [
          0.16897433756129743,
          0.15462989930311527,
          0.18911546281861047,
          0.12516803116897898,
          0.13851632368183253,
          0.11166919347346506,
          0.07338649794217221
        ],
        "2": {
          "rmse": [
            0.14407522746413953,
            0.17383557757277512,
            0.19037519605201733,
            0.12212749503709605,
            0.14266831772672095,
            0.10924215282851994,
            0.08289933793348707
          ],
          "normalized": [
            0.037671472020850326,
            0.008253530197631755,
            0.0269437110053309,
            0.019925982071359497,
            0.22728761365728412,
            0.0845934329236825,
            0.16579867586697414
          ]
        },
        "3": {
          "rmse": [
            0.17630958701163743,
            0.14026876123068754,
            0.17166208267582456,
            0.10897305080888077,
            0.1323062210017516,
            0.10452952416725014,
            0.060153288308374096
          ],
          "normalized": [
            0.0437060052820777,
            0.006397141237363705,
            0.029283780855964506,
            0.012829356510156901,
            0.17686451475557224,
            0.0839307938748007,
            0.12030657661674819
          ]
        },
        "4": {
          "rmse": [
            0.18388648297735238,
            0.14777375906507448,
            0.20392005524431886,
            0.1421648945187404,
            0.1403607166562411,
            0.12062237328042023,
            0.07527294279173946
          ],
          "normalized": [
            0.05047219209165079,
            0.006646484234076747,
            0.028848648712099138,
            0.019813202137684546,
            0.19254193606013545,
            0.09817976925078503,
            0.15054588558347892
          ]
        }
      }
    },
    "3": {
      "status": "optimal",
      "scores": {
        "pooled": [
          0.1685567585070462,
          0.1587719955084226,
          0.19002594500723932,
          0.1280568138737489,
          0.13721971251000165,
          0.11069067950311239,
          0.07276694366101007
        ],
        "2": {
          "rmse": [
            0.1426125809455342,
            0.17584918694321616,
            0.186541617793986,
            0.12034223236661534,
            0.13617132154621628,
            0.10840198734377765,
            0.0794459424703621
          ],
          "normalized": [
            0.037289032594088015,
            0.00834913425047998,
            0.026401146496703984,
            0.019634703584448254,
            0.21693712532646936,
            0.08394283715329426,
            0.1588918849407242
          ]
        },
        "3": {
          "rmse": [
            0.1773486099926299,
            0.14797431844586365,
            0.18394621188812052,
            0.12238688266902047,
            0.13422933783918267,
            0.10381198970296412,
            0.06333201771354047
          ],
          "normalized": [
            0.043963572352962284,
            0.006748563303015228,
            0.031379326606382506,
            0.014408561917582356,
            0.1794353018560973,
            0.0833546577285795,
            0.12666403542708093
          ]
        },
        "4": {
          "rmse": [
            0.18287499775787708,
            0.15101756257161503,
            0.1992375348434531,
            0.14048074885217146,
            0.1411651676427086,
            0.11928687907902273,
            0.07458204895698121
          ],
          "normalized": [
            0.05019456496284486,
            0.0067923821864674045,
            0.02818621074850616,
            0.01957848653764844,
            0.1936454538683216,
            0.0970927527300261,
            0.14916409791396243
          ]
        }
      }
    },
    "4": {
      "status": "optimal",
      "scores": {
        "pooled": [
          0.1690797382528828,
          0.15866325022935251,
          0.18996328315457373,
          0.126686841666079,
          0.1379401744015267,
          0.11004448023265564,
          0.07246277913348796
        ],
        "2": {
          "rmse": [
            0.1423907967024081,
            0.17338802267515763,
            0.1885366487538823,
            0.11918244449155935,
            0.13616488280333755,
            0.10753406431756773,
            0.07989908910421639
          ],
          "normalized": [
            0.037231042479780055,
            0.008232280762308093,
            0.02668350228015093,
            0.019445475823755002,
            0.21692686764258287,
            0.08327074688045005,
            0.15979817820843278
          ]
        },
        "3": {
          "rmse": [
            0.1757658127507203,
            0.13960497172577804,
            0.16995584270255457,
            0.10689603917025399,
            0.13367313673714917,
            0.10147668274467968,
            0.0604659409805898
          ],
          "normalized": [
            0.043571207162912844,
            0.006366868244449751,
            0.02899271391394632,
            0.012584830706851442,
            0.17869178248661605,
            0.08147954953774389,
            0.1209318819611796
          ]
        },
        "4": {
          "rmse": [
            0.18599761758023237,
            0.16114939150449856,
            0.20934920694503248,
            0.15005815302310774,
            0.1437814047357153,
            0.12028412513506039,
            0.07558153624328033
          ],
          "normalized": [
            0.0510516451840296,
            0.007248085835686467,
            0.029616712893088742,
            0.02091326785222993,
            0.1972343166718192,
            0.09790445444841639,
            0.15116307248656066
          ]
        }
      }
    }
  }
}
