{
  "reg": 1e-05,
  "weight": 0.0,
  "min_arm": 0.0,
  "huber": 0.0,
  "out": "fit-001",
  "cv": true,
  "status": "optimal",
  "objective": 0.020118710397130726,
  "rmse": [
    0.16806376499278483,
    0.15479842144802475,
    0.18850432763567554,
    0.12436903581354555,
    0.14037906838726016,
    0.10790980462289243,
    0.07310306852703169
  ],
  "per_episode": {
    "2": {
      "rmse": [
        0.14224690012958216,
        0.17059849663733398,
        0.18720384028424386,
        0.11961472162232092,
        0.14228153899977491,
        0.10608194175059349,
        0.08133890835796345
      ],
      "normalized": [
        0.03719341772073911,
        0.008099837003028616,
        0.02649487053097294,
        0.01951600495689408,
        0.2266714291023547,
        0.08214627221764177,
        0.1626778167159269
      ]
    },
    "3": {
      "rmse": [
        0.17537788813278166,
        0.14158447776076397,
        0.172850325517063,
        0.10988448451758014,
        0.135142184970152,
        0.09992482387092039,
        0.06114986867151104
      ],
      "normalized": [
        0.04347504316135146,
        0.0064571462192098816,
        0.02948648282965666,
        0.012936659259758601,
        0.1806555790557822,
        0.08023350208565877,
        0.12229973734302207
      ]
    },
    "4": {
      "rmse": [
        0.1836973137208604,
        0.15079006084849925,
        0.20415467607579063,
        0.141494486256862,
        0.14356671628610157,
        0.11702661667348023,
        0.07534488325556984
      ],
      "normalized": [
        0.050420269911744434,
        0.006782149743133209,
        0.028881840611442045,
        0.019719768843534567,
        0.19693981454385123,
        0.09525302735083388,
        0.1506897665111397
      ]
    }
  },
  "cross_validation": {
    "2": {
      "rmse": [
        0.14363813060470124,
        0.1726741828892822,
        0.1897834622760749,
        0.12284408469658345,
        0.1470470601142908,
        0.10690125812385495,
        0.08397090887906096
      ],
      "per_episode": {
        "2": {
          "rmse": [
            0.14363813060470124,
            0.1726741828892822,
            0.1897834622760749,
            0.12284408469658345,
            0.1470470601142908,
            0.10690125812385495,
            0.08397090887906096
          ],
          "normalized": [
            0.037557183933990775,
            0.008198388400852182,
            0.026859963205293286,
            0.02004289884512228,
            0.2342634715348341,
            0.08278072314038736,
            0.16794181775812192
          ]
        }
      }
    },
    "3": {
      "rmse": [
        0.17658289008479278,
        0.14914077833190215,
        0.18269834570793794,
        0.12152677537702607,
        0.1361515268043053,
        0.10089944775791516,
        0.06316458563515755
      ],
      "per_episode": {
        "3": {
          "rmse": [
            0.17658289008479278,
            0.14914077833190215,
            0.18269834570793794,
            0.12152677537702607,
            0.1361515268043053,
            0.10089944775791516,
            0.06316458563515755
          ],
          "normalized": [
            0.043773755344688574,
            0.006801761239414163,
            0.03116645350599583,
            0.01430730180782059,
            0.18200484859404267,
            0.08101606526306243,
            0.1263291712703151
          ]
        }
      }
    },
    "4": {
      "rmse": [
        0.18623273824934214,
        0.16166370696073046,
        0.21075145236534334,
        0.14775394615505924,
        0.1460756678899379,
        0.11744472819811172,
        0.07585190559983725
      ],
      "per_episode": {
        "4": {
          "rmse": [
            0.18623273824934214,
            0.16166370696073046,
            0.21075145236534334,
            0.14775394615505924,
            0.1460756678899379,
            0.11744472819811172,
            0.07585190559983725
          ],
          "normalized": [
            0.05111617986533887,
            0.007271218424265214,
            0.029815089092478403,
            0.02059213571480435,
            0.20038150685486258,
            0.0955933464134839,
            0.1517038111996745
          ]
        }
      }
    }
  }
}
parameters {"mass": [1.0000004979996324, 1.9263493197887407, 1.8927759875527455, 2.6533272614942045, 1.8151825014958511, 1.9540413662994844, 1.7275063559795318], "com": [[1.0529773398784702e-08, 1.052977339878099e-08, 3.7495922971404885e-25], [-0.008462215347886182, -0.1587603901562844, -0.05017610861622218], [0.058708645240720725, 0.03518018926393443, -0.05613666373033636], [-0.04526599675018529, 0.019410548273385946, 0.028780658697833524], [-0.00028165555332198617, 0.025285429989066303, -0.08184491057974196], [0.03609156707618938, -0.015013116232347041, -0.020378099343831585], [0.0038383049067676135, 0.0037554092433559126, 0.07579559468872837]], "inertia": [[[0.010000031817166397, 3.457362691135813e-24, -2.7480572898640166e-20], [3.457362691135813e-24, 0.010000031817166397, -2.4061535472821294e-22], [-2.7480572898640166e-20, -2.4061535472821294e-22, 2.000346073916593e-06]], [[2.0020102038872944e-06, -1.1234954286343246e-10, -5.636767777799506e-11], [-1.1234954286343246e-10, 2.0004913196189356e-06, -5.606709384958775e-10], [-5.636767777799506e-11, -5.606709384958775e-10, 2.001770246423673e-06]], [[0.02456050992161425, -0.0072060269751691546, -0.012927634126439009], [-0.0072060269751691546, 0.027658351030047573, -0.010444135603865127], [-0.012927634126439009, -0.010444135603865127, 0.014743237804475779]], [[0.010021439609483722, 0.0004130883067257852, 0.0007049666134448357], [0.0004130883067257852, 0.006910604137880829, -0.004391512613633207], [0.0007049666134448357, -0.004391512613633207, 0.003267140713316581]], [[0.007976186692255832, 1.7281886153261013e-05, -0.0006590458514706734], [1.7281886153261013e-05, 0.008025213053932565, 0.00020895969716858186], [-0.0006590458514706734, 0.00020895969716858186, 6.198546365182014e-05]], [[0.0076596769762221845, 0.004134149824397661, -0.000273875747118035], [0.004134149824397661, 0.0022771590288042792, 0.0005050827983256329], [-0.000273875747118035, 0.0005050827983256329, 0.009867915165539455]], [[2.000983603752532e-06, -2.2012856954047944e-11, 2.600855772069699e-10], [-2.2012856954047944e-11, 2.0010728691687713e-06, 1.1695343532600738e-10], [2.600855772069699e-10, 1.1695343532600738e-10, 2.0001902538139318e-06]]], "viscous": [0.15738391390146975, 0.2291413044905873, 0.07837149371343265, 0.11632783598625344, 0.13473416734213917, 0.27139148982466593, 0.0646566149164308], "coulomb": [0.1744066539889386, 0.22691545757321913, 0.20953101279259104, 0.22442336157505666, 0.2850668709623462, 0.17329260032746843, 0.19990172019115657], "torque_bias": [-0.09795832450490687, 0.2876302105244799, -0.06474024369815393, 0.6607312159570741, -0.03624713215424725, -0.026892905305229677, 0.004953958194458424], "armature": [1.9257385191056654e-10, 5.701249901821906e-10, 0.0021153664935199892, 2.4921846421293876e-10, 3.209110345804526e-11, 8.300214386201493e-11, 1.3270459117082196e-10]}
