Warp 1.17.0 initialized:
   CUDA Toolkit 12.9, Driver 13.2
   Devices:
     "cpu"      : "x86_64"
     "cuda:0"   : "NVIDIA L4" (22 GiB, sm_89, mempool enabled)
   Kernel cache:
     /home/eheiden/.cache/warp/1.17.0
╭────── viser (listening *:8080) ───────╮
│             ╷                         │
│   HTTP      │ http://localhost:8080   │
│   Websocket │ ws://localhost:8080     │
│             ╵                         │
╰───────────────────────────────────────╯
Viser server running at: http://localhost:8080
Module newton._src.geometry.inertia 060c986 load on device 'cuda:0' took 4.43 ms  (cached)
Module newton._src.utils.mesh 92b663b load on device 'cpu' took 1.39 ms  (cached)
Module validate_and_correct_inertia_kernel_1ff2ac62 1ff2ac6 load on device 'cuda:0' took 2.54 ms  (cached)
Module newton._src.geometry.bvh 58a3a49 load on device 'cuda:0' took 3.34 ms  (cached)
Module newton._src.viewer.kernels 50484b9 load on device 'cuda:0' took 3.56 ms  (cached)
Module newton._src.geometry.raycast 50212d9 load on device 'cuda:0' took 2.35 ms  (cached)
Module create_eval_articulation_fk_tile__locals__eval_articulation_fk_tile_e991bdf3 ab4024e load on device 'cuda:0' took 1.68 ms  (cached)
Module newton._src.sim.ik.ik_solver 139b35a load on device 'cuda:0' took 1.10 ms  (cached)
Module IKOptimizerLM___build_specialized__locals___fk_local_9430eeda 9430eed load on device 'cuda:0' took 1.53 ms  (cached)
Module newton._src.sim.ik.ik_common a13628c load on device 'cuda:0' took 5.22 ms  (cached)
Module newton._src.sim.ik.ik_objectives f7f3e7f load on device 'cuda:0' took 1.44 ms  (cached)
Module IKOptimizerLM___build_specialized__locals___compute_motion_subspace_2d_f73d68e9 f73d68e load on device 'cuda:0' took 2.64 ms  (cached)
Module _lm_solve_tiled_9_15_c962a211 33a3540 load on device 'cuda:0' took 243.13 ms  (cached)
Module newton._src.sim.ik.ik_lm_optimizer f057fb7 load on device 'cuda:0' took 2.17 ms  (cached)
Module newton._src.viewer.viewer_viser_kernels 6ebffef load on device 'cuda:0' took 3.00 ms  (cached)
(viser) Connection opened (0, 1 total), 133 persistent messages
(viser) Connection closed (0, 0 total)
(viser) Connection opened (1, 1 total), 137 persistent messages
(viser) Connection closed (1, 0 total)
