Warp 1.17.0 initialized:
   CUDA Toolkit 12.9, Driver 13.2
   Devices:
     "cpu"      : "x86_64"
     "cuda:0"   : "NVIDIA L4" (22 GiB, sm_89, mempool enabled)
   Kernel cache:
     /home/eheiden/.cache/warp/1.17.0
╭────── viser (listening *:8080) ───────╮
│             ╷                         │
│   HTTP      │ http://localhost:8080   │
│   Websocket │ ws://localhost:8080     │
│             ╵                         │
╰───────────────────────────────────────╯
Viser server running at: http://localhost:8080
Module newton._src.geometry.inertia 060c986 load on device 'cuda:0' took 3.22 ms  (cached)
Module newton._src.utils.mesh 92b663b load on device 'cpu' took 3174.90 ms  (compiled)
Module validate_and_correct_inertia_kernel_1ff2ac62 1ff2ac6 load on device 'cuda:0' took 2.92 ms  (cached)
Module newton._src.geometry.bvh 58a3a49 load on device 'cuda:0' took 0.95 ms  (cached)
Module newton._src.viewer.kernels 50484b9 load on device 'cuda:0' took 4.35 ms  (cached)
Module newton._src.geometry.raycast 50212d9 load on device 'cuda:0' took 4.35 ms  (cached)
Module create_eval_articulation_fk_tile__locals__eval_articulation_fk_tile_e991bdf3 ab4024e load on device 'cuda:0' took 1063.74 ms  (compiled)
Module newton._src.sim.ik.ik_solver 139b35a load on device 'cuda:0' took 874.03 ms  (compiled)
Module IKOptimizerLM___build_specialized__locals___fk_local_9430eeda 9430eed load on device 'cuda:0' took 1926.94 ms  (compiled)
Module newton._src.sim.ik.ik_common a13628c load on device 'cuda:0' took 3819.47 ms  (compiled)
Module newton._src.sim.ik.ik_objectives f7f3e7f load on device 'cuda:0' took 806.90 ms  (compiled)
Module IKOptimizerLM___build_specialized__locals___compute_motion_subspace_2d_f73d68e9 f73d68e load on device 'cuda:0' took 1842.02 ms  (compiled)
(viser) Connection opened (0, 1 total), 36 persistent messages
