Warp 1.17.0 initialized:
   CUDA Toolkit 12.9, Driver 13.2
   Devices:
     "cpu"      : "x86_64"
     "cuda:0"   : "NVIDIA L4" (22 GiB, sm_89, mempool enabled)
   Kernel cache:
     /home/eheiden/.cache/warp/1.17.0
╭────── viser (listening *:8092) ───────╮
│             ╷                         │
│   HTTP      │ http://localhost:8092   │
│   Websocket │ ws://localhost:8092     │
│             ╵                         │
╰───────────────────────────────────────╯
Viser server running at: http://localhost:8092
Module validate_and_correct_inertia_kernel_1ff2ac62 1ff2ac6 load on device 'cuda:0' took 0.89 ms  (cached)
Module newton._src.geometry.bvh 58a3a49 load on device 'cuda:0' took 2.75 ms  (cached)
Module newton._src.solvers.solver d7b7ff4 load on device 'cuda:0' took 4.34 ms  (cached)
Module newton._src.viewer.kernels 50484b9 load on device 'cuda:0' took 3.82 ms  (cached)
Module newton._src.geometry.raycast 50212d9 load on device 'cuda:0' took 4.75 ms  (cached)
Module newton._src.sim.collide 56e960b load on device 'cuda:0' took 3.80 ms  (cached)
Module newton._src.geometry.broad_phase_nxn 0c4afcd load on device 'cuda:0' took 2.61 ms  (cached)
Module narrow_phase_primitive_write_contact_False_False_False 6b2fd5c load on device 'cuda:0' took 1.31 ms  (cached)
Module newton._src.geometry.narrow_phase 5f08bfe load on device 'cuda:0' took 10.37 ms  (cached)
Module newton._src.solvers.xpbd.kernels e1c47dc load on device 'cuda:0' took 20.14 ms  (cached)
Module newton._src.viewer.viewer_viser_kernels 6ebffef load on device 'cuda:0' took 5.07 ms  (cached)
(viser) Connection opened (0, 1 total), 53 persistent messages
Module __main__ b211660 load on device 'cuda:0' took 3.45 ms  (cached)
(viser) Connection closed (0, 0 total)
