Installed 12 packages in 68ms
./tmp/rss-newton-study/RoboSimStudio/robosimstudio/scene/physics/compose.py:634: DeprecationWarning: The soft_contact_margin parameter of CollisionPipeline is deprecated; use soft_contact_gap (same value: detection-only distance added to the particle radius).
  collision = newton.CollisionPipeline(model, **kwargs)
/tmp/rss-newton-study/RoboSimStudio/robosimstudio/scene/physics/backends.py:112: DeprecationWarning: Omitting rigid_compliant_alm is deprecated as of Newton 1.6 because the default will change from the legacy penalty/AVBD path (False) to unified compliant ALM (True), which is becoming the standard for rigid VBD. The legacy path is deprecated and will be removed in a future release. Pass rigid_compliant_alm=True to adopt compliant ALM now, or rigid_compliant_alm=False to keep the legacy path during the migration window.
  return cls(model=view, **kwargs)
.....
----------------------------------------------------------------------
Ran 6 tests in 7.481s

OK
Warp 1.18.0 initialized:
   CUDA Toolkit 13.4, Driver 13.2
   Devices:
     "cpu"      : "x86_64"
     "cuda:0"   : "NVIDIA L4" (22 GiB, sm_89, mempool enabled)
   Kernel cache:
     /home/eheiden/.cache/warp/1.18.0

Feedback probe: requested impulse=1.666667 N s; delivered=0.031500 N s
Module validate_and_correct_inertia_kernel_1ff2ac62 1ff2ac6 load on device 'cuda:0' took 1.94 ms  (cached)
Module newton._src.geometry.bvh 58a3a49 load on device 'cuda:0' took 2.38 ms  (cached)
Module newton._src.solvers.vbd.rigid_vbd_kernels aa81cc4 load on device 'cpu' took 1.52 ms  (cached)
Module newton._src.solvers.vbd.rigid_vbd_kernels f78a99d load on device 'cuda:0' took 6.09 ms  (cached)
Module newton._src.solvers.solver d7b7ff4 load on device 'cuda:0' took 2.53 ms  (cached)
Module create_eval_articulation_fk_tile__locals__eval_articulation_fk_tile_b34ba77f ef8e4d4 load on device 'cuda:0' took 2.10 ms  (cached)
Module newton._src.sim.collide f369c1a load on device 'cuda:0' took 0.47 ms  (cached)
Module newton._src.geometry.broad_phase_nxn 0c4afcd load on device 'cuda:0' took 759.76 ms  (compiled)
Module narrow_phase_primitive_write_contact_False_False_False 6b2fd5c load on device 'cuda:0' took 3.05 ms  (cached)
Module narrow_phase_gjk_mpr_True_False_write_contact_support_map_lean_post_process_minkowski_only cb99c90 load on device 'cuda:0' took 3.34 ms  (cached)
Module newton._src.geometry.narrow_phase 3519ebf load on device 'cuda:0' took 6.14 ms  (cached)
Module newton._src.solvers.xpbd.kernels 3a6178a load on device 'cuda:0' took 3.01 ms  (cached)
Module newton._src.sim.articulation cc479e3 load on device 'cuda:0' took 4.50 ms  (cached)
Module robosimstudio.core.readback 4427528 load on device 'cuda:0' took 1.80 ms  (cached)
