..........................s.sssssss...s......................ssss........................................usage: python -m robosimstudio_agent [-h] [--run-dir RUN_DIR] [--sock SOCK]
                                     [--json]
                                     {up,status,reload,snapshot,run,pause,resume,reset,eval,catalog,ref,quit}
                                     ...
python -m robosimstudio_agent: error: no catalog named planets; one of robots, grippers, cells, assets, renderers
................ctl: no scene file at /tmp/up-4cc_a397/absent.py; the server would serve a bare scene in its place
.....................................................................................................................................s...................................................................................................................................................................................................................................................................................................................s......................../tmp/rss-newton-study/RoboSimStudio/robosimstudio/scene/physics/backends.py:112: DeprecationWarning: Omitting rigid_compliant_alm is deprecated as of Newton 1.6 because the default will change from the legacy penalty/AVBD path (False) to unified compliant ALM (True), which is becoming the standard for rigid VBD. The legacy path is deprecated and will be removed in a future release. Pass rigid_compliant_alm=True to adopt compliant ALM now, or rigid_compliant_alm=False to keep the legacy path during the migration window.
  return cls(model=view, **kwargs)
/tmp/rss-newton-study/RoboSimStudio/robosimstudio/scene/physics/couplers.py:152: DeprecationWarning: The soft_contact_margin parameter of CollisionPipeline is deprecated; use soft_contact_gap (same value: detection-only distance added to the particle radius).
  return newton.CollisionPipeline(view, **kwargs)
.........................................................................................................................................................................................................s.s......................................ss.............................................................................
----------------------------------------------------------------------
Ran 908 tests in 104.035s

OK (skipped=19)
Warp 1.18.0 initialized:
   CUDA Toolkit 13.4, Driver 13.2
   Devices:
     "cpu"      : "x86_64"
     "cuda:0"   : "NVIDIA L4" (22 GiB, sm_89, mempool enabled)
   Kernel cache:
     /home/eheiden/.cache/warp/1.18.0
Module validate_and_correct_inertia_kernel_1ff2ac62 6ad45b8 load on device 'cpu' took 2691.83 ms  (compiled)
Module newton._src.geometry.bvh 4a1c07f load on device 'cpu' took 767.28 ms  (compiled)
Module newton._src.geometry.inertia 060c986 load on device 'cuda:0' took 2.53 ms  (cached)
Module newton._src.geometry.utils f9d62a8 load on device 'cuda:0' took 654.73 ms  (compiled)
Module validate_and_correct_inertia_kernel_1ff2ac62 1ff2ac6 load on device 'cuda:0' took 2.30 ms  (cached)
Module newton._src.geometry.bvh 58a3a49 load on device 'cuda:0' took 0.57 ms  (cached)
Module newton._src.solvers.mujoco.kernels 6868d1f load on device 'cuda:0' took 8.59 ms  (cached)
Module mujoco_warp._src.io c728e4c load on device 'cuda:0' took 1.51 ms  (cached)
Module mujoco_warp._src.smooth d04e5a7 load on device 'cuda:0' took 2.24 ms  (cached)
Module _small_cholesky_factorize_block__locals__kernel_79a57364 20d25ea load on device 'cuda:0' took 796.71 ms  (compiled)
Module _small_cholesky_solve_block__locals__kernel_c4e2dcc2 4c4cbb4 load on device 'cuda:0' took 233.62 ms  (compiled)
Module warp._src.coloring 811e0ea load on device 'cpu' took 0.43 ms  (cached)
Module newton._src.utils.mesh 92b663b load on device 'cpu' took 0.39 ms  (cached)
Module newton._src.solvers.coupled.model_view a945984 load on device 'cuda:0' took 0.78 ms  (cached)
Module newton._src.solvers.coupled.solver_coupled 21afced load on device 'cuda:0' took 2.32 ms  (cached)
Module newton._src.solvers.vbd.rigid_vbd_kernels aa81cc4 load on device 'cpu' took 6492.19 ms  (compiled)
Module newton._src.solvers.vbd.rigid_vbd_kernels f78a99d load on device 'cuda:0' took 19105.48 ms  (compiled)
Module newton._src.solvers.solver d7b7ff4 load on device 'cuda:0' took 906.93 ms  (compiled)
Module newton._src.solvers.coupled.interface 8695af3 load on device 'cuda:0' took 319.55 ms  (compiled)
Module repeat_array_kernel_97fa9ac7 43599a6 load on device 'cuda:0' took 108.50 ms  (compiled)
Module repeat_array_kernel_97fa9ac7 adf0f48 load on device 'cuda:0' took 125.14 ms  (compiled)
Module repeat_array_kernel_97fa9ac7 c341b8e load on device 'cuda:0' took 165.96 ms  (compiled)
Module repeat_array_kernel_97fa9ac7 8aaffce load on device 'cuda:0' took 178.86 ms  (compiled)
Module repeat_array_kernel_97fa9ac7 9c79d4d load on device 'cuda:0' took 196.64 ms  (compiled)
$ /tmp/rss-newton-study/RoboSimStudio/.venv/bin/python -m unittest tests.assetlib.test_atom_taxonomy ... (65 modules)
