test_feedback_cap_changes_transferred_impulse (__main__.TestForeignForceContract.test_feedback_cap_changes_transferred_impulse)
Measure force shaping on a 63 g rigid body receiving a 100 N reaction. ... ok
/tmp/rss-newton-study/RoboSimStudio/robosimstudio/scene/physics/compose.py:634: DeprecationWarning: The soft_contact_margin parameter of CollisionPipeline is deprecated; use soft_contact_gap (same value: detection-only distance added to the particle radius).
  collision = newton.CollisionPipeline(model, **kwargs)
/tmp/rss-newton-study/RoboSimStudio/robosimstudio/scene/physics/backends.py:112: DeprecationWarning: Omitting rigid_compliant_alm is deprecated as of Newton 1.6 because the default will change from the legacy penalty/AVBD path (False) to unified compliant ALM (True), which is becoming the standard for rigid VBD. The legacy path is deprecated and will be removed in a future release. Pass rigid_compliant_alm=True to adopt compliant ALM now, or rigid_compliant_alm=False to keep the legacy path during the migration window.
  return cls(model=view, **kwargs)
test_benchmark_tier_is_unavailable (__main__.TestSceneContract.test_benchmark_tier_is_unavailable)
Distinguish shipped studio functionality from the withheld benchmark tier. ... ok
test_duplicate_object_is_rejected (__main__.TestSceneContract.test_duplicate_object_is_rejected)
Reject a second rigid object with the same stable name. ... ok
test_one_robot_slot_is_replaced (__main__.TestSceneContract.test_one_robot_slot_is_replaced)
Characterize the single-robot slot without claiming multi-robot support. ... ok
test_settle_and_reset (__main__.TestSceneContract.test_settle_and_reset)
Settle a free box onto the bench and restore its initial state. ... ok
test_work_surface_frame_and_world_readback (__main__.TestSceneContract.test_work_surface_frame_and_world_readback)
Distinguish authored bench-relative coordinates from returned world coordinates. ... ok

----------------------------------------------------------------------
Ran 6 tests in 7.181s

OK
Warp 1.18.0 initialized:
   CUDA Toolkit 13.4, Driver 13.2
   Devices:
     "cpu"      : "x86_64"
     "cuda:0"   : "NVIDIA L4" (22 GiB, sm_89, mempool enabled)
   Kernel cache:
     /home/eheiden/.cache/warp/1.18.0

Feedback probe: requested impulse=1.666667 N s; delivered=0.031500 N s
Module validate_and_correct_inertia_kernel_1ff2ac62 1ff2ac6 load on device 'cuda:0' took 1.47 ms  (cached)
Module newton._src.geometry.bvh 58a3a49 load on device 'cuda:0' took 3.85 ms  (cached)
Module newton._src.solvers.vbd.rigid_vbd_kernels aa81cc4 load on device 'cpu' took 2.04 ms  (cached)
Module newton._src.solvers.vbd.rigid_vbd_kernels f78a99d load on device 'cuda:0' took 5.76 ms  (cached)
Module newton._src.solvers.solver d7b7ff4 load on device 'cuda:0' took 0.63 ms  (cached)
Module create_eval_articulation_fk_tile__locals__eval_articulation_fk_tile_b34ba77f ef8e4d4 load on device 'cuda:0' took 1665.30 ms  (compiled)
Module newton._src.sim.collide f369c1a load on device 'cuda:0' took 3.19 ms  (cached)
Module newton._src.geometry.broad_phase_nxn 65d7728 load on device 'cuda:0' took 0.45 ms  (cached)
Module narrow_phase_primitive_write_contact_False_False_False 6b2fd5c load on device 'cuda:0' took 3.41 ms  (cached)
Module narrow_phase_gjk_mpr_True_False_write_contact_support_map_lean_post_process_minkowski_only cb99c90 load on device 'cuda:0' took 4.40 ms  (cached)
Module newton._src.geometry.narrow_phase 3519ebf load on device 'cuda:0' took 1.16 ms  (cached)
Module newton._src.solvers.xpbd.kernels 3a6178a load on device 'cuda:0' took 3.75 ms  (cached)
Module newton._src.sim.articulation cc479e3 load on device 'cuda:0' took 0.86 ms  (cached)
Module robosimstudio.core.readback 4427528 load on device 'cuda:0' took 909.82 ms  (compiled)
