{
  "fit": {
    "status": "optimal",
    "objective": 0.1397753771456639,
    "iterations": 16
  },
  "torque": {
    "2": {
      "rmse": [
        0.14255369894146308,
        0.17045808334834767,
        0.1873482389313604,
        0.11967556925447075,
        0.14235206396105507,
        0.10594783846377062,
        0.0813214380027609
      ],
      "nrmse": [
        0.03727363666650255,
        0.008093170327903887,
        0.026515307202861674,
        0.019525932687147893,
        0.2267837837611048,
        0.08204242716236806,
        0.1626428760055218
      ]
    },
    "3": {
      "rmse": [
        0.1752317482801189,
        0.14119985276313646,
        0.17268520002646867,
        0.1098356604068584,
        0.134952733025557,
        0.09979724783262867,
        0.06112907759329766
      ],
      "nrmse": [
        0.043438816037911034,
        0.0064396048906085876,
        0.029458314123994214,
        0.01293091121546608,
        0.18040232319225136,
        0.08013106635509815,
        0.12225815518659532
      ]
    },
    "4": {
      "rmse": [
        0.18319308429554013,
        0.15050110755921983,
        0.2040246499776567,
        0.14145850707069255,
        0.14355822536391583,
        0.11712192723325368,
        0.07538786410053136
      ],
      "nrmse": [
        0.05028187167822032,
        0.006769153366146315,
        0.028863445769286983,
        0.01971475450514436,
        0.19692816699291585,
        0.09533060473976458,
        0.15077572820106272
      ]
    }
  },
  "joint": [
    0.15757069646532096,
    0.22904377064152387,
    0.07817110064240447,
    0.1166861374363359,
    0.13462330207550713,
    0.2717717538228808,
    0.06463455722811702,
    0.1744219321346525,
    0.22714804565986965,
    0.20956005345041204,
    0.2243646299309425,
    0.28516659474396105,
    0.1730595422682336,
    0.19993603224570167,
    -0.09795418114010308,
    0.28296016612942765,
    -0.06451398345673022,
    0.6614774424481069,
    -0.036224987587800316,
    -0.02731825199390982,
    0.004909683276853583,
    1.0028880359240323e-08,
    1.0108958357305587e-08,
    0.0016322197884617285,
    1.0035802841102459e-08,
    1.0004477668423737e-08,
    1.0012105312502123e-08,
    1.0016676405290607e-08
  ],
  "mass": [
    1.0000084827511768,
    3.224688500875665,
    0.725016050820554,
    3.037552882620506,
    1.0944300324952652,
    3.1229743907377334,
    1.218680177896225
  ]
}
{"excluded": 2, "torque": {"2": {"rmse": [0.1440344180542038, 0.17295160378972818, 0.18995411282144853, 0.12299292104072208, 0.14715466535806931, 0.10675644447857703, 0.08397541756343686], "nrmse": [0.03766080154979406, 0.008211560053118395, 0.026884115295863913, 0.020067182568652125, 0.23443489949771423, 0.08266858434532459, 0.16795083512687373]}, "3": {"rmse": [0.17532764573058823, 0.14050464878774516, 0.17074910891326886, 0.10883647205084085, 0.13444383146941424, 0.1011798839611204, 0.061452200939985706], "nrmse": [0.043462588395091324, 0.006407899199474403, 0.02912803694808932, 0.0128132771440604, 0.1797220329828866, 0.0812412383264028, 0.12290440187997141]}, "4": {"rmse": [0.18310923941421675, 0.1465567057022217, 0.20405906789633507, 0.14148554150469053, 0.14301230796316847, 0.11744237181586567, 0.0764844002605342], "nrmse": [0.050258858377364615, 0.006591744298925819, 0.028868314885491193, 0.019718522233508617, 0.19617929654131902, 0.09559142845200716, 0.1529688005210684]}}}
{"excluded": 3, "torque": {"2": {"rmse": [0.14237584848016926, 0.17256861024832515, 0.18591472835002676, 0.120875822893746, 0.14100065127930148, 0.10642860102195438, 0.08065481043464412], "nrmse": [0.03722713395542273, 0.008193375923013358, 0.026312423131682652, 0.01972176272926919, 0.22463082248423377, 0.08241471344714842, 0.16130962086928824]}, "3": {"rmse": [0.17635469452285465, 0.1488436634090532, 0.1827329276209295, 0.12207648289170013, 0.13614586714308607, 0.10080359114488155, 0.0631887939920461], "nrmse": [0.04371718714210549, 0.006788210922803986, 0.031172352823689284, 0.014372018667904047, 0.18199728286336392, 0.08093909828464982, 0.1263775879840922]}, "4": {"rmse": [0.18187431858462735, 0.14891686970041765, 0.19975303152727997, 0.1386822499251471, 0.1438375709949255, 0.11637303255506533, 0.07479395348415603], "nrmse": [0.04991990382061944, 0.006697898415212033, 0.02825913826280168, 0.01932783378046692, 0.19731136358741794, 0.09472104695460361, 0.14958790696831206]}}}
{"excluded": 4, "torque": {"2": {"rmse": [0.14177827622490602, 0.1701659123023481, 0.18782112829283495, 0.11937025689970075, 0.14162380796300794, 0.10506579554905511, 0.08083686047120789], "nrmse": [0.03707088623060002, 0.008079298354256711, 0.02658223500941051, 0.019476118773373085, 0.22562358526318188, 0.08135940292483843, 0.16167372094241578]}, "3": {"rmse": [0.17448265270096136, 0.13999827590187502, 0.1686061078621688, 0.1055673137085526, 0.1365459481455143, 0.09769879996481404, 0.06008437635241191], "nrmse": [0.0432531200930996, 0.0063848053983938105, 0.02876246307075832, 0.012428400355257573, 0.18253210376461584, 0.07844614148000965, 0.12016875270482381]}, "4": {"rmse": [0.18550003997423, 0.1616118535953877, 0.21063213861213512, 0.147750483612708, 0.1460531520571731, 0.1175903238923726, 0.07593703946039897], "nrmse": [0.05091507270679239, 0.007268886193039489, 0.029798209729883576, 0.020591653148051513, 0.2003506204207105, 0.09571185304934, 0.15187407892079793]}}}
