{
  "fit": {
    "status": "optimal_inaccurate",
    "objective": 0.1758164807930273,
    "iterations": 18
  },
  "torque": {
    "2": {
      "rmse": [
        0.1469505111654933,
        0.17397740702948528,
        0.19364969235009705,
        0.12382154278113616,
        0.18481330618944147,
        0.1221630915855329,
        0.12598648235340335
      ],
      "nrmse": [
        0.03842327489087887,
        0.008260264110908978,
        0.02740714890991685,
        0.02020237818482696,
        0.2944295973011511,
        0.09459897142463218,
        0.2519729647068067
      ]
    },
    "3": {
      "rmse": [
        0.185365466888966,
        0.14384725176003543,
        0.18170728183730991,
        0.11637125033337434,
        0.17692275631289336,
        0.11683215098599342,
        0.12462483901389472
      ],
      "nrmse": [
        0.04595089928053201,
        0.00656034300183326,
        0.030997388231071128,
        0.013700343772865217,
        0.23650707583949493,
        0.0938090483093124,
        0.24924967802778944
      ]
    },
    "4": {
      "rmse": [
        0.19342811824237663,
        0.15556351697779497,
        0.21062232586093016,
        0.1509230375906986,
        0.17981265807741545,
        0.1370210404370012,
        0.12519699223099828
      ],
      "nrmse": [
        0.053091129819793026,
        0.006996847542702953,
        0.029796821516193304,
        0.02103380487243771,
        0.246660733423986,
        0.11152735406169415,
        0.25039398446199657
      ]
    }
  },
  "joint": [
    0.14445060899275106,
    0.22554377416154048,
    0.08568895613097015,
    0.10959524817027526,
    0.14447236334319222,
    0.2633033861209266,
    0.06509643498281918,
    0.17912889517087324,
    0.2293983209349367,
    0.20882463561797668,
    0.22682332835633215,
    0.2752050710939037,
    0.17483853425928692,
    0.19937743672503813,
    -0.09805086821781404,
    0.28551366077644647,
    -0.06460505402271105,
    0.6468759930625495,
    -0.03541827578058923,
    -0.02912803605856161,
    0.004737351575038136,
    0.030000000015373847,
    0.030000000437859373,
    0.030000000014123427,
    0.030000000018556905,
    0.03000000000303056,
    0.03000000001168643,
    0.03000000000340059
  ],
  "mass": [
    1.0000092072052431,
    4.525935064864838,
    1.0217697109010764,
    2.4008815146156897,
    1.8060897047651179,
    2.849747811683745,
    1.0667567213655478
  ]
}
{"excluded": 2, "torque": {"2": {"rmse": [0.14825240402682083, 0.17584418640271476, 0.19600054275822673, 0.12634560779312068, 0.19045190920097502, 0.12324904379111667, 0.1286815494665079], "nrmse": [0.03876368192241975, 0.008348896830081871, 0.027739863650738987, 0.020614197604855777, 0.30341256312897485, 0.09543989612890433, 0.2573630989330158]}, "3": {"rmse": [0.18544870120142207, 0.1424362425642509, 0.17974400806523466, 0.11560202479547027, 0.1773794913306526, 0.11848810317427354, 0.1232923291606769], "nrmse": [0.0459715325277735, 0.006495992072706512, 0.03066247397391228, 0.013609783138018016, 0.2371176307829907, 0.09513867630569248, 0.2465846583213538]}, "4": {"rmse": [0.19346313003240226, 0.15148722105143902, 0.21097127861716916, 0.15004959948368848, 0.1794673724290607, 0.137432700858826, 0.1260895825106048], "nrmse": [0.05310073967127876, 0.006813506218916061, 0.029846187996943795, 0.020912075764646848, 0.24618708261333344, 0.11186242229261413, 0.2521791650212096]}}}
{"excluded": 3, "torque": {"2": {"rmse": [0.1469123084720371, 0.1762342102024187, 0.19261101728381383, 0.12557502008190252, 0.1829460231844653, 0.1219824837887202, 0.12491868867795702], "nrmse": [0.03841328600019317, 0.00836741474944912, 0.027260145721503946, 0.020488470659310233, 0.29145479318916323, 0.09445911484775611, 0.24983737735591405]}, "3": {"rmse": [0.1867616497704785, 0.1523545421084641, 0.1915813707148406, 0.12702792746641414, 0.17740913041004386, 0.11718345907093909, 0.12725919825621956], "nrmse": [0.04629700397868495, 0.006948329160894405, 0.0326818059564926, 0.014954950385588061, 0.23715725175738364, 0.09409112714492394, 0.2545183965124391]}, "4": {"rmse": [0.19247147340387877, 0.1539570520917412, 0.20642740610807217, 0.14832683688456597, 0.17995214652987546, 0.13625243896388575, 0.12498175171313958], "nrmse": [0.05282855498954791, 0.006924592877156736, 0.02920336460397026, 0.020671978209429672, 0.24685207881844176, 0.11090175606337872, 0.24996350342627915]}}}
{"excluded": 4, "torque": {"2": {"rmse": [0.14660640453881252, 0.17387846093047885, 0.19415658543593403, 0.12369527403119124, 0.18273232885934843, 0.1216055178008918, 0.1261831397852023], "nrmse": [0.0383333010391116, 0.00825556625430511, 0.027478889247411552, 0.020181776527134633, 0.2911143526906571, 0.09416720512078534, 0.2523662795704046]}, "3": {"rmse": [0.18485314232140737, 0.14292670255622428, 0.17783654649691252, 0.11246255755749784, 0.17755917257762105, 0.11489751144721144, 0.12446427253625907], "nrmse": [0.045823897336761496, 0.006518360145343655, 0.030337080703090765, 0.013240174834415091, 0.23735782535823544, 0.0922556514710015, 0.24892854507251813]}, "4": {"rmse": [0.19586683102751565, 0.16663922828468283, 0.21687269793002023, 0.15728620844811264, 0.18170452300073972, 0.1374617938118679, 0.1255066418165808], "nrmse": [0.05376049484410023, 0.0074950045974341555, 0.030681064058816484, 0.02192062570722508, 0.2492559277474322, 0.11188610230602124, 0.2510132836331616]}}}
