{
  "fit": {
    "status": "optimal",
    "objective": 0.1528559598073089,
    "iterations": 15
  },
  "torque": {
    "2": {
      "rmse": [
        0.14353768800881112,
        0.1719780540299171,
        0.18947308638353758,
        0.12058429853543311,
        0.1594361189703059,
        0.11319382989346019,
        0.09792231857499378
      ],
      "nrmse": [
        0.037530921123184395,
        0.00816533693553975,
        0.02681603585275487,
        0.019674198426608735,
        0.2540007171105273,
        0.08765347815415149,
        0.19584463714998757
      ]
    },
    "3": {
      "rmse": [
        0.17931511393947755,
        0.1421401935182151,
        0.17579757686263775,
        0.11218481479961684,
        0.15310781272073773,
        0.10743942725232056,
        0.0831284050515252
      ],
      "nrmse": [
        0.044451055951244864,
        0.006482490366809481,
        0.029989253512535088,
        0.013207476283419955,
        0.20467169870857252,
        0.08626726749767796,
        0.1662568101030504
      ]
    },
    "4": {
      "rmse": [
        0.18713485863581145,
        0.15273593472885022,
        0.20612037165945005,
        0.14552308392813673,
        0.15844635746793792,
        0.12645858043624003,
        0.09553923862879517
      ],
      "nrmse": [
        0.05136378911153496,
        0.006869670153719497,
        0.0291599283223343,
        0.020281225455327356,
        0.21735118739290474,
        0.10293011080248106,
        0.19107847725759033
      ]
    }
  },
  "joint": [
    0.15102221301233232,
    0.22716118386125558,
    0.08200869992520732,
    0.11343024517582163,
    0.13949214860432432,
    0.26758587338947637,
    0.06486258241968586,
    0.17673589139690618,
    0.22828462517180226,
    0.20903168007029257,
    0.225499502913622,
    0.2803259961033775,
    0.1739921501540843,
    0.19965458297971606,
    -0.09799831631950554,
    0.2849947226507273,
    -0.06454753191356577,
    0.6543538912795936,
    -0.03584176490703477,
    -0.02784949838864178,
    0.004847246813842446,
    0.015000000011422073,
    0.015000000119619213,
    0.015000000015333078,
    0.015000000013607443,
    0.015000000002101947,
    0.015000000007076885,
    0.015000000002916824
  ],
  "mass": [
    1.0000096625437689,
    3.777562646499978,
    0.8508536002370041,
    2.6517925459871323,
    1.3514617252500938,
    3.0682626615032937,
    1.187404504241739
  ]
}
{"excluded": 2, "torque": {"2": {"rmse": [0.14497372990184645, 0.17412409186286545, 0.1919014950453451, 0.1234540267469639, 0.1648742091017361, 0.11410810466112549, 0.1006689865440241], "nrmse": [0.03790640421591604, 0.008267228552358433, 0.02715972737635391, 0.020142415291904043, 0.2626642420508967, 0.08836146164980554, 0.2013379730880482]}, "3": {"rmse": [0.17946684016937933, 0.14101041750533966, 0.1738150842189018, 0.11123762636838738, 0.15317167202510304, 0.10896599382963565, 0.08233730717616858], "nrmse": [0.044488667901439495, 0.006430965446666615, 0.02965106071408606, 0.01309596414370891, 0.20475706464823645, 0.08749300678767787, 0.16467461435233716]}, "4": {"rmse": [0.18718696932871198, 0.14867794375547644, 0.20627487896139005, 0.14509524249326836, 0.15809420725632944, 0.12681585580709234, 0.09654416938177998], "nrmse": [0.05137809217970789, 0.006687152139714877, 0.029181786529815564, 0.020221598155207868, 0.21686812001378084, 0.10322091268703462, 0.19308833876355996]}}}
{"excluded": 3, "torque": {"2": {"rmse": [0.14339652537922298, 0.17411764201864532, 0.1882167681014458, 0.12212119639105562, 0.1576955490875238, 0.11331035463368119, 0.09694644478420442], "nrmse": [0.037494011210602494, 0.008266922320545681, 0.026638229723461925, 0.019924954401807794, 0.2512277820863752, 0.08774371097674433, 0.19389288956840883]}, "3": {"rmse": [0.1805179189866028, 0.1500775155760982, 0.18573096609563886, 0.1236446362466089, 0.15379761773682835, 0.10812470371907845, 0.08557142451194165], "nrmse": [0.04474922353608242, 0.0068444823727644875, 0.03168378726700158, 0.014556636775806774, 0.2055938173249391, 0.08681750245126564, 0.1711428490238833]}, "4": {"rmse": [0.18600502643578218, 0.15122961342229646, 0.20190382868193224, 0.1430212537055694, 0.15863422634991456, 0.12574394379517406, 0.09516813365793145], "nrmse": [0.05105367872762908, 0.006801919689233752, 0.02856341236419502, 0.01993255099471809, 0.21760889937331465, 0.10234843711616666, 0.1903362673158629]}}}
{"excluded": 4, "torque": {"2": {"rmse": [0.14303014128650698, 0.17183018077341244, 0.18998921996741253, 0.12039733861126001, 0.15770691102245019, 0.11257482620827296, 0.0978401418295193], "nrmse": [0.03739821245088115, 0.008158316069011596, 0.026889083993544557, 0.019643694565901496, 0.2512458830012601, 0.08717414261043885, 0.1956802836590386]}, "3": {"rmse": [0.17877086429243055, 0.14110850273337258, 0.17186548635375934, 0.1080510628606151, 0.15410486917002203, 0.10540154361058025, 0.08274724178366223], "nrmse": [0.04431613998693582, 0.006435438752422796, 0.029318479425602555, 0.012720811213878892, 0.20600454537104537, 0.08463097197984834, 0.16549448356732446]}, "4": {"rmse": [0.18959537867943316, 0.1639317576922236, 0.2126048524949944, 0.15164505588437635, 0.1604102202048946, 0.126911809017198, 0.09584079670564331], "nrmse": [0.05203913967714629, 0.007373229522340598, 0.03007729032226525, 0.021134430940836453, 0.22004514580618403, 0.10329901315687984, 0.19168159341128663]}}}
