{
  "fit": {
    "status": "optimal",
    "objective": 0.17928835531962078,
    "iterations": 14
  },
  "torque": {
    "2": {
      "rmse": [
        0.147087985699465,
        0.17491605507624686,
        0.19299777177598873,
        0.12413488607209035,
        0.18510668867511249,
        0.12237167153790506,
        0.1259337328658342
      ],
      "nrmse": [
        0.038459220473969366,
        0.008304830131898849,
        0.027314882900943683,
        0.020253502403790407,
        0.29489699052565616,
        0.0947604886938672,
        0.2518674657316684
      ]
    },
    "3": {
      "rmse": [
        0.18582556796933045,
        0.14496819890862103,
        0.18176712483167906,
        0.1161777643808529,
        0.17737503165160914,
        0.11728568645174184,
        0.12454867125681132
      ],
      "nrmse": [
        0.04606495535989525,
        0.006611465270014762,
        0.031007596828715723,
        0.013677564744048649,
        0.237111669166341,
        0.09417320945893876,
        0.24909734251362264
      ]
    },
    "4": {
      "rmse": [
        0.19526984647820395,
        0.15626490688021338,
        0.2104722075827448,
        0.15077449486703315,
        0.1800205411645719,
        0.13663551274167546,
        0.12514962978692662
      ],
      "nrmse": [
        0.053596637673302534,
        0.007028394259507469,
        0.029775584225592112,
        0.02101310280657237,
        0.2469459001930706,
        0.11121355638770151,
        0.25029925957385324
      ]
    }
  },
  "joint": [
    0.14440153946029322,
    0.22368625775135087,
    0.08588482819189705,
    0.1094803862362608,
    0.14466735112288304,
    0.25841544858245447,
    0.06541797595405106,
    0.1787913414064469,
    0.2293572774988164,
    0.20856759857970725,
    0.22646497652561212,
    0.2747400015261528,
    0.17629401287945684,
    0.19895158132120025,
    -0.09796519141107399,
    0.2720510118600468,
    -0.06510834562135893,
    0.6368345758531034,
    -0.034706653219608904,
    -0.028434102124568383,
    0.004820972812534692,
    0.030000000012991374,
    0.03000000009082239,
    0.03000000000972252,
    0.03000000001039622,
    0.03000000000171703,
    0.030000000006213244,
    0.030000000001855372
  ],
  "mass": [
    1.0000000426253175,
    2.308374840305151,
    1.967443852635769,
    2.7630749665952345,
    1.8771602226826611,
    1.9855787125850348,
    1.6639923679622355
  ]
}
{"excluded": 2, "torque": {"2": {"rmse": [0.1481541300495987, 0.17614504414915835, 0.19536468504574994, 0.12663529396504755, 0.18997593921418776, 0.12357640856293145, 0.12855713798262924], "nrmse": [0.03873798614217729, 0.0083631812391202, 0.027649871010937296, 0.02066146199414324, 0.30265428627961444, 0.09569339634973538, 0.2571142759652585]}, "3": {"rmse": [0.18565459118477828, 0.14378994193316882, 0.17998128280636477, 0.11573688044006344, 0.17739861628761971, 0.11895652784498432, 0.12320456767885524], "nrmse": [0.04602257132182104, 0.006557729311845996, 0.030702950597599945, 0.013625659642612966, 0.23714319667254677, 0.09551479257328778, 0.24640913535771047]}, "4": {"rmse": [0.19490518475638838, 0.15223274012720242, 0.2107863505551327, 0.1503159045774667, 0.17957631114779088, 0.13716244116804524, 0.12601839963475725], "nrmse": [0.053496547247002875, 0.0068470377526241724, 0.02982002615282156, 0.020949190107615867, 0.24633652094847383, 0.11164244623546131, 0.2520367992695145]}}}
{"excluded": 3, "torque": {"2": {"rmse": [0.14714740361315712, 0.17704633068033582, 0.19197374896803565, 0.1261417379612803, 0.18354027842078632, 0.12210475912723916, 0.12486213159510733], "nrmse": [0.03847475652629833, 0.008405973374686798, 0.02716995343968752, 0.020580934770692935, 0.2924015125219409, 0.09455380073941425, 0.24972426319021465]}, "3": {"rmse": [0.18695347736510373, 0.1533820005707007, 0.1911351907039701, 0.12600191125985222, 0.17791287162403557, 0.11762122583086053, 0.12722338208016537], "nrmse": [0.046344556797598795, 0.006995187754645314, 0.03260569224834589, 0.0148341578813728, 0.237830643716586, 0.0944426269913541, 0.25444676416033074]}, "4": {"rmse": [0.19449509549481028, 0.15485643527696846, 0.2062741764737718, 0.14798507201815284, 0.18008473451973797, 0.1359022252236259, 0.12498148379053331], "nrmse": [0.0533839881091589, 0.0069650448234212575, 0.0291816871486218, 0.020624347207382893, 0.2470339583989584, 0.11061670194553914, 0.24996296758106662]}}}
{"excluded": 4, "torque": {"2": {"rmse": [0.1470562781331022, 0.1750762333017867, 0.19350265443472284, 0.12376936750203524, 0.18338719725260508, 0.12169934946280143, 0.12614267010945354], "nrmse": [0.03845092986967806, 0.008312435225401316, 0.02738633870364614, 0.020193865411551645, 0.29215763599794325, 0.0942398651901116, 0.2522853402189071]}, "3": {"rmse": [0.18581463789819247, 0.14345170736462226, 0.17792129787110852, 0.11193676747196458, 0.17813116544051755, 0.11528982446856294, 0.12435310425031965], "nrmse": [0.04606224586601584, 0.006542303679742547, 0.030351538413439558, 0.013178273764318021, 0.23812245486222908, 0.09257065475444483, 0.2487062085006393]}, "4": {"rmse": [0.19782181385173986, 0.1665090647768733, 0.21677317043634606, 0.156602487126617, 0.18186791321625514, 0.13691935498452448, 0.12538838858978388], "nrmse": [0.05429708821976599, 0.0074891501770825205, 0.030666983865974433, 0.021825337001848858, 0.24948006074687867, 0.11144458787173438, 0.25077677717956776]}}}
